
> redemption@0.0.0 build
> tsc -b && vite build

src/components/admin/AdminLayout.tsx(1,8): error TS6133: 'React' is declared but its value is never read.
src/components/admin/shared/DataTable.tsx(126,47): error TS6133: 'actionIdx' is declared but its value is never read.
src/pages/admin/AdminAnalytics.tsx(85,19): error TS2322: Type '(value: number) => [string, string]' is not assignable to type 'Formatter<ValueType, NameType> & ((value: ValueType, name: NameType, item: TooltipPayloadEntry, index: number, payload: TooltipPayload) => ReactNode | [...])'.
  Type '(value: number) => [string, string]' is not assignable to type 'Formatter<ValueType, NameType>'.
    Types of parameters 'value' and 'value' are incompatible.
      Type 'ValueType | undefined' is not assignable to type 'number'.
        Type 'undefined' is not assignable to type 'number'.
src/pages/admin/AdminAnalytics.tsx(127,19): error TS2322: Type '(value: number) => [number, string]' is not assignable to type 'Formatter<ValueType, NameType> & ((value: ValueType, name: NameType, item: TooltipPayloadEntry, index: number, payload: TooltipPayload) => ReactNode | [...])'.
  Type '(value: number) => [number, string]' is not assignable to type 'Formatter<ValueType, NameType>'.
    Types of parameters 'value' and 'value' are incompatible.
      Type 'ValueType | undefined' is not assignable to type 'number'.
        Type 'undefined' is not assignable to type 'number'.
src/pages/admin/AdminDashboard.tsx(1,8): error TS6133: 'React' is declared but its value is never read.
